// Jest Snapshot v1, https://goo.gl/fbAQLP

exports[`Loading should render well 1`] = `
<div
  className="css-x7hf7y-Loading"
>
  Loading...
</div>
`;
