// Jest Snapshot v1, https://goo.gl/fbAQLP

exports[`AppBody should render well with required props 1`] = `
<div
  className="css-j9dwpg-AppBody"
>
  test
</div>
`;
